################################################################################
#                                                                              #
#      IAR Universal Linker V6.5.1.95                                          #
#                                                                              #
#           Link time     =  11/May/2023  14:30:59                             #
#           Target CPU    =  MSP430                                            #
#           List file     =  C:\Users\133\Desktop\KZ-AM35-MEL-P-02-V1-AM35-6-2 #
#                            0-MEL-P-220430F-MSP430FR2155_¡¾Ô´Âëµµ¡¿\program\D #
#                            ebug\List\KZ-AM35-MEL-P-02-V1.0-AM35-6-18-MEL-PW- #
#                            RB-SZHW¶¨ÖÆ-221212A-MSP430FR2155_.map             #
#           Output file 1 =  C:\Users\133\Desktop\KZ-AM35-MEL-P-02-V1-AM35-6-2 #
#                            0-MEL-P-220430F-MSP430FR2155_¡¾Ô´Âëµµ¡¿\program\D #
#                            ebug\Exe\KZ-AM35-MEL-P-02-V1.0-AM35-6-18-MEL-PW-R #
#                            B-SZHW¶¨ÖÆ-221212A-MSP430FR2155_.txt              #
#                            Format: msp430_txt                                #
#           Output file 2 =  C:\Users\133\Desktop\KZ-AM35-MEL-P-02-V1-AM35-6-2 #
#                            0-MEL-P-220430F-MSP430FR2155_¡¾Ô´Âëµµ¡¿\program\D #
#                            ebug\Exe\AM35¿ª¹ØµçÔ´·½°¸-24V-MSP430FR2155.txt    #
#                            Format: msp430_txt                                #
#           Command line  =  -f C:\Users\133\AppData\Local\Temp\EW2B33.tmp     #
#                            (C:\Users\133\Desktop\KZ-AM35-MEL-P-02-V1-AM35-6- #
#                            20-MEL-P-220430F-MSP430FR2155_¡¾Ô´Âëµµ¡¿\program\ #
#                            Debug\Obj\ADSampling.r43                          #
#                            C:\Users\133\Desktop\KZ-AM35-MEL-P-02-V1-AM35-6-2 #
#                            0-MEL-P-220430F-MSP430FR2155_¡¾Ô´Âëµµ¡¿\program\D #
#                            ebug\Obj\flash.r43                                #
#                            C:\Users\133\Desktop\KZ-AM35-MEL-P-02-V1-AM35-6-2 #
#                            0-MEL-P-220430F-MSP430FR2155_¡¾Ô´Âëµµ¡¿\program\D #
#                            ebug\Obj\GlobalVariable.r43                       #
#                            C:\Users\133\Desktop\KZ-AM35-MEL-P-02-V1-AM35-6-2 #
#                            0-MEL-P-220430F-MSP430FR2155_¡¾Ô´Âëµµ¡¿\program\D #
#                            ebug\Obj\Initialize.r43                           #
#                            C:\Users\133\Desktop\KZ-AM35-MEL-P-02-V1-AM35-6-2 #
#                            0-MEL-P-220430F-MSP430FR2155_¡¾Ô´Âëµµ¡¿\program\D #
#                            ebug\Obj\KeyManage.r43                            #
#                            C:\Users\133\Desktop\KZ-AM35-MEL-P-02-V1-AM35-6-2 #
#                            0-MEL-P-220430F-MSP430FR2155_¡¾Ô´Âëµµ¡¿\program\D #
#                            ebug\Obj\LINUart.r43                              #
#                            C:\Users\133\Desktop\KZ-AM35-MEL-P-02-V1-AM35-6-2 #
#                            0-MEL-P-220430F-MSP430FR2155_¡¾Ô´Âëµµ¡¿\program\D #
#                            ebug\Obj\LINUart0.r43                             #
#                            C:\Users\133\Desktop\KZ-AM35-MEL-P-02-V1-AM35-6-2 #
#                            0-MEL-P-220430F-MSP430FR2155_¡¾Ô´Âëµµ¡¿\program\D #
#                            ebug\Obj\main.r43                                 #
#                            C:\Users\133\Desktop\KZ-AM35-MEL-P-02-V1-AM35-6-2 #
#                            0-MEL-P-220430F-MSP430FR2155_¡¾Ô´Âëµµ¡¿\program\D #
#                            ebug\Obj\MotorControl.r43                         #
#                            C:\Users\133\Desktop\KZ-AM35-MEL-P-02-V1-AM35-6-2 #
#                            0-MEL-P-220430F-MSP430FR2155_¡¾Ô´Âëµµ¡¿\program\D #
#                            ebug\Obj\PowerInScan.r43                          #
#                            C:\Users\133\Desktop\KZ-AM35-MEL-P-02-V1-AM35-6-2 #
#                            0-MEL-P-220430F-MSP430FR2155_¡¾Ô´Âëµµ¡¿\program\D #
#                            ebug\Obj\SignalSampling.r43                       #
#                            C:\Users\133\Desktop\KZ-AM35-MEL-P-02-V1-AM35-6-2 #
#                            0-MEL-P-220430F-MSP430FR2155_¡¾Ô´Âëµµ¡¿\program\D #
#                            ebug\Obj\Time.r43                                 #
#                            C:\Users\133\Desktop\KZ-AM35-MEL-P-02-V1-AM35-6-2 #
#                            0-MEL-P-220430F-MSP430FR2155_¡¾Ô´Âëµµ¡¿\program\D #
#                            ebug\Obj\timer.r43                                #
#                            -o                                                #
#                            C:\Users\133\Desktop\KZ-AM35-MEL-P-02-V1-AM35-6-2 #
#                            0-MEL-P-220430F-MSP430FR2155_¡¾Ô´Âëµµ¡¿\program\D #
#                            ebug\Exe\KZ-AM35-MEL-P-02-V1.0-AM35-6-18-MEL-PW-R #
#                            B-SZHW¶¨ÖÆ-221212A-MSP430FR2155_.txt              #
#                            -Fmsp430_txt -l                                   #
#                            C:\Users\133\Desktop\KZ-AM35-MEL-P-02-V1-AM35-6-2 #
#                            0-MEL-P-220430F-MSP430FR2155_¡¾Ô´Âëµµ¡¿\program\D #
#                            ebug\List\KZ-AM35-MEL-P-02-V1.0-AM35-6-18-MEL-PW- #
#                            RB-SZHW¶¨ÖÆ-221212A-MSP430FR2155_.map             #
#                            -xms -IF:\IAR\430\LIB\ -f                         #
#                            C:\Users\133\Desktop\KZ-AM35-MEL-P-02-V1-AM35-6-2 #
#                            0-MEL-P-220430F-MSP430FR2155_¡¾Ô´Âëµµ¡¿\program\s #
#                            ource\FR2155_App_MemLayout.xcl                    #
#                            (-cmsp430 -QCODE_I=CODE_ID -QTLS16_I=TLS16_ID     #
#                            -D__iar_HWMUL=4C0 -Z(CONST)INFO=1800-19FF         #
#                            -Z(DATA)DATA16_N=1800-19FF                        #
#                            -Z(DATA)TINYRAM=0006-001F                         #
#                            -Z(DATA)DATA16_I,DATA16_Z,TLS16_I=2000-2FFF       #
#                            -Z(DATA)CODE_I                                    #
#                            -Z(DATA)DATA20_I,DATA20_Z,DATA20_N                #
#                            -Z(DATA)CSTACK+_STACK_SIZE#                       #
#                            -Z(CONST)FRWP_B1,DATA16_P,DATA20_P=8000-CFFF      #
#                            -Z(DATA)DATA16_HEAP+_DATA16_HEAP_SIZE,DATA20_HEAP #
#                            +_DATA20_HEAP_SIZE,FRWP_B2                        #
#                            -Z(CONST)DATA16_C,DATA16_ID,TLS16_ID,DIFUNCT,CHEC #
#                            KSUM=8000-CFFF                                    #
#                            -Z(CONST)DATA20_C,DATA20_ID                       #
#                            -Z(CODE)CSTART,ISR_CODE,CODE_ID=8000-CFFF         #
#                            -P(CODE)CODE,CODE16=8000-CFFF                     #
#                            -Z(CONST)BSLCONFIGURATIONSIGNATURE=FF88-FF89      #
#                            -Z(CONST)BSLCONFIGURATION=FF8A-FF8B               #
#                            -Z(CONST)BSLI2CADDRESS=FFA0-FFA1                  #
#                            -Z(CONST)JTAGSIGNATURE=FF80-FF83                  #
#                            -Z(CONST)BSLSIGNATURE=FF84-FF87                   #
#                            -Z(CODE)INTVEC=FFA2-FFFF                          #
#                            -Z(CODE)RESET=FFFE-FFFF) -f                       #
#                            F:\IAR\430\config\linker\multiplier32.xcl         #
#                            (-e?Mul8Hw=?Mul8 -e?Mul16Hw=?Mul16                #
#                            -e?Mul16to32uHw=?Mul16to32u                       #
#                            -e?Mul16to32sHw=?Mul16to32s -e?Mul32Hw32=?Mul32   #
#                            -e?Mul64Hw32=_Mul64i                              #
#                            -e?Mul32u32uto64iHw32=_Mul32u32uto64i             #
#                            -e?Mul32fHw32=_Mul32f                             #
#                            -e_Mul64fHw32Ptr=_Mul64fPtr) -D_STACK_SIZE=A0     #
#                            F:\IAR\430\lib\dlib\dl430xlsfn.r43                #
#                            -D_DATA16_HEAP_SIZE=A0                            #
#                            -Omsp430_txt=C:\Users\133\Desktop\KZ-AM35-MEL-P-0 #
#                            2-V1-AM35-6-20-MEL-P-220430F-MSP430FR2155_¡¾Ô´Âëµ #
#                            µ¡¿\program\Debug\Exe\AM35¿ª¹ØµçÔ´·½°¸-24V-MSP430 #
#                            FR2155.txt                                        #
#                            -s __program_start -D_DATA20_HEAP_SIZE=50         #
#                            --enable_stack_usage)                             #
#                                                                              #
#                           Copyright (C) 1987-2016 IAR Systems AB.            #
################################################################################





                ****************************************
                *                                      *
                *           CROSS REFERENCE            *
                *                                      *
                ****************************************

       Program entry at :           8048  Relocatable, from module : ?cstart




                ****************************************
                *                                      *
                *            RUNTIME MODEL             *
                *                                      *
                ****************************************

  __Heap_Handler             = Basic
  __SystemLibrary            = DLib
  __code_model               = large
  __core                     = 430X
  __data_model               = small
  __dlib_file_descriptor     = 0
  __dlib_full_locale_support = 0
  __double_size              = 32
  __pic                      = no
  __reg_r4                   = free
  __reg_r5                   = free
  __rt_version               = 3

                ****************************************
                *                                      *
                *    AUTOMATIC SYMBOL REDIRECTIONS     *
                *                                      *
                ****************************************

                  There are no automatic symbol redirections.



                ****************************************
                *                                      *
                *              MODULE MAP              *
                *                                      *
                ****************************************


  DEFINED ABSOLUTE ENTRIES
    *************************************************************************

  DEFINED ABSOLUTE ENTRIES
  PROGRAM MODULE, NAME : ?ABS_ENTRY_MOD

Absolute parts
           ENTRY                   ADDRESS         REF BY
           =====                   =======         ======
           _DATA20_HEAP_SIZE       0050 
           _DATA16_HEAP_SIZE       00A0 
           _STACK_SIZE             00A0 
           __iar_HWMUL             04C0            Angle_calculation (MotorControl)
                                                   CountPercentPlace (LINUart)
                                                   JourneyPercentCount (LINUart)
    *************************************************************************

  FILE NAME : C:\Users\133\Desktop\KZ-AM35-MEL-P-02-V1-AM35-6-20-MEL-P-220430F-MSP430FR2155_¡¾Ô´Âëµµ¡¿\program\Debug\Obj\ADSampling.r43
  PROGRAM MODULE, NAME : ADSampling

  SEGMENTS IN THE MODULE
  ======================
DATA16_AN
  Relative segment, address: 0700 - 0701 (0x2 bytes), align: 0
  Segment part 1. ROOT        Intra module refs:   ADCSetting
                                                   ADSamping
           ENTRY                   ADDRESS         REF BY
           =====                   =======         ======
           _A_ADCCTL0_L            0700 
           LOCAL                   ADDRESS         
           =====                   =======         
           ADCCTL0                 0700 
           ADCCTL0_H               0701 
           ADCCTL0_L               0700 
    -------------------------------------------------------------------------
DATA16_AN
  Relative segment, address: 0702 - 0703 (0x2 bytes), align: 0
  Segment part 2. ROOT        Intra module refs:   ADCSetting
                                                   ADSamping
           ENTRY                   ADDRESS         REF BY
           =====                   =======         ======
           _A_ADCCTL1_L            0702 
           LOCAL                   ADDRESS         
           =====                   =======         
           ADCCTL1                 0702 
           ADCCTL1_H               0703 
           ADCCTL1_L               0702 
    -------------------------------------------------------------------------
DATA16_AN
  Relative segment, address: 0704 - 0705 (0x2 bytes), align: 0
  Segment part 3. ROOT        Intra module refs:   ADCSetting
           ENTRY                   ADDRESS         REF BY
           =====                   =======         ======
           _A_ADCCTL2_L            0704 
           LOCAL                   ADDRESS         
           =====                   =======         
           ADCCTL2                 0704 
           ADCCTL2_H               0705 
           ADCCTL2_L               0704 
    -------------------------------------------------------------------------
DATA16_AN
  Relative segment, address: 070A - 070B (0x2 bytes), align: 0
  Segment part 4. ROOT        Intra module refs:   ADCSetting
                                                   ADSamping
           ENTRY                   ADDRESS         REF BY
           =====                   =======         ======
           _A_ADCMCTL0_L           070A 
           LOCAL                   ADDRESS         
           =====                   =======         
           ADCMCTL0                070A 
           ADCMCTL0_H              070B 
           ADCMCTL0_L              070A 
    -------------------------------------------------------------------------
DATA16_AN
  Relative segment, address: 0712 - 0713 (0x2 bytes), align: 0
  Segment part 5. ROOT        Intra module refs:   ADSamping
           ENTRY                   ADDRESS         REF BY
           =====                   =======         ======
           _A_ADCMEM0_L            0712 
           LOCAL                   ADDRESS         
           =====                   =======         
           ADCMEM0                 0712 
           ADCMEM0_H               0713 
           ADCMEM0_L               0712 
    -------------------------------------------------------------------------
DATA16_AN
  Relative segment, address: 020A - 020B (0x2 bytes), align: 0
  Segment part 6. ROOT        Intra module refs:   ADCSetting
                                                   GPIOSetting (Initialize)
                                                   LinUart0Init (LINUart0)
           ENTRY                   ADDRESS         REF BY
           =====                   =======         ======
           _A_PASEL0_L             020A 
           LOCAL                   ADDRESS         
           =====                   =======         
           PASEL0                  020A 
           PASEL0_H                020B 
           PASEL0_L                020A 
    -------------------------------------------------------------------------
DATA16_AN
  Relative segment, address: 020C - 020D (0x2 bytes), align: 0
  Segment part 7. ROOT        Intra module refs:   ADCSetting
                                                   GPIOSetting (Initialize)
           ENTRY                   ADDRESS         REF BY
           =====                   =======         ======
           _A_PASEL1_L             020C 
           LOCAL                   ADDRESS         
           =====                   =======         
           PASEL1                  020C 
           PASEL1_H                020D 
           PASEL1_L                020C 
    -------------------------------------------------------------------------
DATA16_AN
  Relative segment, address: 0120 - 0121 (0x2 bytes), align: 0
  Segment part 8. ROOT        Intra module refs:   ADCSetting
           ENTRY                   ADDRESS         REF BY
           =====                   =======         ======
           _A_PMMCTL0_L            0120 
           LOCAL                   ADDRESS         
           =====                   =======         
           PMMCTL0                 0120 
           PMMCTL0_H               0121 
           PMMCTL0_L               0120 
    -------------------------------------------------------------------------
DATA16_AN
  Relative segment, address: 0124 - 0125 (0x2 bytes), align: 0
  Segment part 9. ROOT        Intra module refs:   ADCSetting
           ENTRY                   ADDRESS         REF BY
           =====                   =======         ======
           _A_PMMCTL2_L            0124 
           LOCAL                   ADDRESS         
           =====                   =======         
           PMMCTL2                 0124 
           PMMCTL2_H               0125 
           PMMCTL2_L               0124 
    -------------------------------------------------------------------------
DATA16_Z
  Relative segment, address: 206E - 206E (0x1 bytes), align: 0
  Segment part 11.            Intra module refs:   ADSamping
           LOCAL                   ADDRESS         
           =====                   =======         
           ADC_CUR_Cnt             206E 
    -------------------------------------------------------------------------
DATA16_Z
  Relative segment, address: 2020 - 2021 (0x2 bytes), align: 1
  Segment part 12.            Intra module refs:   ADSamping
           LOCAL                   ADDRESS         
           =====                   =======         
           ADC_CUR_Buffer          2020 
    -------------------------------------------------------------------------
DATA16_Z
  Relative segment, address: 2022 - 2029 (0x8 bytes), align: 1
  Segment part 13.            Intra module refs:   ADSamping
           LOCAL                   ADDRESS         
           =====                   =======         
           ADC_CUR_Array           2022 
    -------------------------------------------------------------------------
DATA16_Z
  Relative segment, address: 206F - 206F (0x1 bytes), align: 0
  Segment part 14.            Intra module refs:   ADSamping
           LOCAL                   ADDRESS         
           =====                   =======         
           ADC_CUR_Array_Index     206F 
    -------------------------------------------------------------------------
<CODE> 1 (was CODE)
  Relative segment, address: B214 - B24D (0x3a bytes), align: 1
  Segment part 15.
           ENTRY                   ADDRESS         REF BY
           =====                   =======         ======
           ADCSetting              B214            Initialize (Initialize)
    -------------------------------------------------------------------------
<CODE> 1 (was CODE)
  Relative segment, address: AF38 - AFA3 (0x6c bytes), align: 1
  Segment part 16.            Intra module refs:   ADSamping
           ENTRY                   ADDRESS         REF BY
           =====                   =======         ======
           SampleAverage           AF38            CountMotorSpeed (MotorControl)
               calls direct
    -------------------------------------------------------------------------
<CODE> 1 (was CODE)
  Relative segment, address: AB54 - ABE5 (0x92 bytes), align: 1
  Segment part 17.
           ENTRY                   ADDRESS         REF BY
           =====                   =======         ======
           ADSamping               AB54            main (main)
               calls direct

    *************************************************************************

  FILE NAME : C:\Users\133\Desktop\KZ-AM35-MEL-P-02-V1-AM35-6-20-MEL-P-220430F-MSP430FR2155_¡¾Ô´Âëµµ¡¿\program\Debug\Obj\flash.r43
  PROGRAM MODULE, NAME : flash

  SEGMENTS IN THE MODULE
  ======================
DATA16_AN
  Relative segment, address: 01CC - 01CD (0x2 bytes), align: 0
  Segment part 1. ROOT        Intra module refs:   DeleteAllID
                                                   DeleteChannel
                                                   Initialize (Initialize)
           ENTRY                   ADDRESS         REF BY
           =====                   =======         ======
           _A_WDTCTL_L             01CC 
           LOCAL                   ADDRESS         
           =====                   =======         
           WDTCTL                  01CC 
           WDTCTL_H                01CD 
           WDTCTL_L                01CC 
    -------------------------------------------------------------------------
<CODE> 1 (was CODE)
  Relative segment, address: B0C0 - B10D (0x4e bytes), align: 1
  Segment part 6.
           ENTRY                   ADDRESS         REF BY
           =====                   =======         ======
           CompID                  B0C0            RFDataDisposal (SignalSampling)
    -------------------------------------------------------------------------
<CODE> 1 (was CODE)
  Relative segment, address: B10E - B155 (0x48 bytes), align: 1
  Segment part 7.
           ENTRY                   ADDRESS         REF BY
           =====                   =======         ======
           SaveID                  B10E            RFDataDisposal (SignalSampling)
    -------------------------------------------------------------------------
<CODE> 1 (was CODE)
  Relative segment, address: B3C2 - B3E7 (0x26 bytes), align: 1
  Segment part 8.
           ENTRY                   ADDRESS         REF BY
           =====                   =======         ======
           SaveChannel             B3C2            RFDataDisposal (SignalSampling)
    -------------------------------------------------------------------------
<CODE> 1 (was CODE)
  Relative segment, address: AD6E - ADE7 (0x7a bytes), align: 1
  Segment part 9.
           ENTRY                   ADDRESS         REF BY
           =====                   =======         ======
           DeleteChannel           AD6E            RFDataDisposal (SignalSampling)
    -------------------------------------------------------------------------
<CODE> 1 (was CODE)
  Relative segment, address: B156 - B19B (0x46 bytes), align: 1
  Segment part 10.            Intra module refs:   DeleteAllID
           ENTRY                   ADDRESS         REF BY
           =====                   =======         ======
           JourneyDelete           B156 
    -------------------------------------------------------------------------
DATA16_Z
  Relative segment, address: 2070 - 2070 (0x1 bytes), align: 0
  Segment part 3.             Intra module refs:   JourneyDelete
           LOCAL                   ADDRESS         
           =====                   =======         
           JourneyDelete::LIMIT_i
                                   2070 
    -------------------------------------------------------------------------
<CODE> 1 (was CODE)
  Relative segment, address: A958 - AA1B (0xc4 bytes), align: 1
  Segment part 11.
           ENTRY                   ADDRESS         REF BY
           =====                   =======         ======
           DeleteAllID             A958            main (main)
               calls direct
    -------------------------------------------------------------------------
DATA16_Z
  Relative segment, address: 2071 - 2071 (0x1 bytes), align: 0
  Segment part 4.             Intra module refs:   DeleteAllID
           LOCAL                   ADDRESS         
           =====                   =======         
           DeleteAllID::i          2071 
    -------------------------------------------------------------------------
DATA16_Z
  Relative segment, address: 2072 - 2072 (0x1 bytes), align: 0
  Segment part 5.             Intra module refs:   DeleteAllID
           LOCAL                   ADDRESS         
           =====                   =======         
           DeleteAllID::j          2072 

    *************************************************************************

  FILE NAME : C:\Users\133\Desktop\KZ-AM35-MEL-P-02-V1-AM35-6-20-MEL-P-220430F-MSP430FR2155_¡¾Ô´Âëµµ¡¿\program\Debug\Obj\GlobalVariable.r43
  PROGRAM MODULE, NAME : GlobalVariable

  SEGMENTS IN THE MODULE
  ======================
DATA16_Z
  Relative segment, address: 2073 - 2079 (0x7 bytes), align: 0
  Segment part 2.
           ENTRY                   ADDRESS         REF BY
           =====                   =======         ======
           Flag                    2073            Angle_calculation (MotorControl)
                                                   DblclickTimeLimit (Time)
                                                   DeleteAllID (flash)
                                                   DownKeyIn (PowerInScan)
                                                   Initialize (Initialize)
                                                   JourneyComper (MotorControl)
                                                   JourneyDelete (flash)
                                                   KeyControl (KeyManage)
                                                   KeyManage (KeyManage)
                                                   LearnDelCodeTime (Time)
                                                   LearnUartID (LINUart)
                                                   MotorControl (MotorControl)
                                                   MotorStatusSwitch (MotorControl)
                                                   Motor_Data_Change_Send (LINUart0)
                                                   PowerInScan (PowerInScan)
                                                   RFDataDisposal (SignalSampling)
                                                   RFStatusInspect (SignalSampling)
                                                   SetLimitPoint (SignalSampling)
                                                   SlowStop (MotorControl)
                                                   TimeControl (Time)
                                                   Timer3_B0 (timer)
                                                   Timer3_B1 (Time)
                                                   USCI_A1_ISR (LINUart)
                                                   Uart1DataDisposal (LINUart)
                                                   Uart1StartupTX (LINUart)
                                                   UartControl (LINUart)
                                                   UpKeyIn (PowerInScan)
                                                   main (main)
    -------------------------------------------------------------------------
DATA16_Z
  Relative segment, address: 207A - 207A (0x1 bytes), align: 0
  Segment part 3.
           ENTRY                   ADDRESS         REF BY
           =====                   =======         ======
           Flag_RF                 207A            ErrorDisposal (SignalSampling)
                                                   RFSignalDecode (SignalSampling)
                                                   Timer3_B0 (timer)
                                                   main (main)
    -------------------------------------------------------------------------
DATA16_N
  Relative segment, address: 184E - 184F (0x2 bytes), align: 0
  Segment part 4.
           ENTRY                   ADDRESS         REF BY
           =====                   =======         ======
           MotorFlag               184E            Angle_calculation (MotorControl)
                                                   DeleteAllID (flash)
                                                   DetectHallSignal (timer)
                                                   Initialize (Initialize)
                                                   JourneyComper (MotorControl)
                                                   KeyManage (KeyManage)
                                                   MotorControl (MotorControl)
                                                   MotorDown (MotorControl)
                                                   MotorStatusSwitch (MotorControl)
                                                   MotorUp (MotorControl)
                                                   Motor_Data_Change_Send (LINUart0)
                                                   PowerInScan (PowerInScan)
                                                   ProgramKeyIn (PowerInScan)
                                                   RFDataDisposal (SignalSampling)
                                                   Uart1DataDisposal (LINUart)
                                                   Uart1StartupTX (LINUart)
                                                   UartControl (LINUart)
                                                   VariableInitialize (Initialize)
                                                   main (main)
    -------------------------------------------------------------------------
DATA16_Z
  Relative segment, address: 207B - 2081 (0x7 bytes), align: 0
  Segment part 5.
           ENTRY                   ADDRESS         REF BY
           =====                   =======         ======
           Motor_Data_Bak          207B            Motor_Data_Change_Send (LINUart0)
                                                   RFDataDisposal (SignalSampling)
    -------------------------------------------------------------------------
DATA16_N
  Relative segment, address: 1800 - 1801 (0x2 bytes), align: 1
  Segment part 6.
           ENTRY                   ADDRESS         REF BY
           =====                   =======         ======
           Hall_Pulse_Width        1800            CountMotorSpeed (MotorControl)
                                                   DetectHallSignal (timer)
                                                   VariableInitialize (Initialize)
    -------------------------------------------------------------------------
DATA16_N
  Relative segment, address: 1802 - 1805 (0x4 bytes), align: 1
  Segment part 7.
           ENTRY                   ADDRESS         REF BY
           =====                   =======         ======
           Hall_Pulse_Amount_Cnt   1802            Angle_calculation (MotorControl)
                                                   DeleteAllID (flash)
                                                   DetectHallSignal (timer)
                                                   JourneyComper (MotorControl)
                                                   JourneyDelete (flash)
                                                   JourneyPercentCount (LINUart)
                                                   MeetPlugbDetect (MotorControl)
                                                   MotorControl (MotorControl)
                                                   MotorStatusSwitch (MotorControl)
                                                   RFDataDisposal (SignalSampling)
                                                   SetLimitPoint (SignalSampling)
                                                   SlowStop (MotorControl)
                                                   Uart1DataDisposal (LINUart)
                                                   UartControl (LINUart)
                                                   VariableInitialize (Initialize)
    -------------------------------------------------------------------------
DATA16_N
  Relative segment, address: 1850 - 1850 (0x1 bytes), align: 0
  Segment part 8.
           ENTRY                   ADDRESS         REF BY
           =====                   =======         ======
           Current_Angle           1850            Angle_calculation (MotorControl)
                                                   Motor_Data_Change_Send (LINUart0)
    -------------------------------------------------------------------------
DATA16_N
  Relative segment, address: 1806 - 1809 (0x4 bytes), align: 1
  Segment part 9.
           ENTRY                   ADDRESS         REF BY
           =====                   =======         ======
           Hall_Pulse_Amount_up    1806            Angle_calculation (MotorControl)
                                                   DeleteAllID (flash)
    -------------------------------------------------------------------------
DATA16_N
  Relative segment, address: 180A - 180D (0x4 bytes), align: 1
  Segment part 10.
           ENTRY                   ADDRESS         REF BY
           =====                   =======         ======
           Hall_difference         180A            Angle_calculation (MotorControl)
                                                   DeleteAllID (flash)
    -------------------------------------------------------------------------
DATA16_N
  Relative segment, address: 1851 - 1851 (0x1 bytes), align: 0
  Segment part 11.
           ENTRY                   ADDRESS         REF BY
           =====                   =======         ======
           Restrict_Up             1851            JourneyDelete (flash)
                                                   RFDataDisposal (SignalSampling)
                                                   VariableInitialize (Initialize)
    -------------------------------------------------------------------------
DATA16_N
  Relative segment, address: 180E - 1831 (0x24 bytes), align: 1
  Segment part 12.
           ENTRY                   ADDRESS         REF BY
           =====                   =======         ======
           Limit_Point             180E            CountPercentPlace (LINUart)
                                                   Initialize (Initialize)
                                                   JourneyComper (MotorControl)
                                                   JourneyDelete (flash)
                                                   JourneyPercentCount (LINUart)
                                                   LearnDelCodeTime (Time)
                                                   LimitCollator (SignalSampling)
                                                   LimitLLC (SignalSampling)
                                                   LoopCompare (SignalSampling)
                                                   MotorControl (MotorControl)
                                                   MotorStatusSwitch (MotorControl)
                                                   Motor_Data_Change_Send (LINUart0)
                                                   RFDataDisposal (SignalSampling)
                                                   SetLimitPoint (SignalSampling)
                                                   Uart1DataDisposal (LINUart)
                                                   Uart1StartupTX (LINUart)
                                                   UartControl (LINUart)
                                                   VariableInitialize (Initialize)
    -------------------------------------------------------------------------
DATA16_N
  Relative segment, address: 1852 - 1852 (0x1 bytes), align: 0
  Segment part 13.
           ENTRY                   ADDRESS         REF BY
           =====                   =======         ======
           Hall_Status_Buffer      1852            DetectHallSignal (timer)
                                                   VariableInitialize (Initialize)
    -------------------------------------------------------------------------
DATA16_N
  Relative segment, address: 1853 - 1853 (0x1 bytes), align: 0
  Segment part 14.
           ENTRY                   ADDRESS         REF BY
           =====                   =======         ======
           hall_change_cnt         1853            DetectHallSignal (timer)
                                                   VariableInitialize (Initialize)
    -------------------------------------------------------------------------
DATA16_N
  Relative segment, address: 1832 - 1833 (0x2 bytes), align: 1
  Segment part 15.
           ENTRY                   ADDRESS         REF BY
           =====                   =======         ======
           Hall_Time_Cnt           1832            DetectHallSignal (timer)
                                                   VariableInitialize (Initialize)
    -------------------------------------------------------------------------
DATA16_N
  Relative segment, address: 1834 - 1835 (0x2 bytes), align: 1
  Segment part 16.
           ENTRY                   ADDRESS         REF BY
           =====                   =======         ======
           Power_Down_Cnt          1834            VariableInitialize (Initialize)
    -------------------------------------------------------------------------
DATA16_N
  Relative segment, address: 1854 - 1854 (0x1 bytes), align: 0
  Segment part 17.
           ENTRY                   ADDRESS         REF BY
           =====                   =======         ======
           Joint_Time_Level        1854            DeleteAllID (flash)
                                                   JourneyComper (MotorControl)
                                                   Motor_Data_Change_Send (LINUart0)
                                                   RFDataDisposal (SignalSampling)
                                                   Uart1DataDisposal (LINUart)
                                                   Uart1StartupTX (LINUart)
                                                   VariableInitialize (Initialize)
    -------------------------------------------------------------------------
DATA16_N
  Relative segment, address: 1836 - 1839 (0x4 bytes), align: 1
  Segment part 18.
           ENTRY                   ADDRESS         REF BY
           =====                   =======         ======
           Initialize_FRAM_FLAG    1836            Initialize (Initialize)
                                                   VariableInitialize (Initialize)
    -------------------------------------------------------------------------
DATA16_N
  Relative segment, address: 1855 - 1855 (0x1 bytes), align: 0
  Segment part 19.
           ENTRY                   ADDRESS         REF BY
           =====                   =======         ======
           RF_ID_Amount            1855            CompID (flash)
                                                   DeleteAllID (flash)
                                                   DeleteChannel (flash)
                                                   SaveChannel (flash)
                                                   SaveID (flash)
                                                   VariableInitialize (Initialize)
    -------------------------------------------------------------------------
DATA16_N
  Relative segment, address: 1856 - 1856 (0x1 bytes), align: 0
  Segment part 20.
           ENTRY                   ADDRESS         REF BY
           =====                   =======         ======
           RF_ID_Save_Place        1856            DeleteAllID (flash)
                                                   DeleteChannel (flash)
                                                   SaveID (flash)
                                                   VariableInitialize (Initialize)
    -------------------------------------------------------------------------
DATA16_N
  Relative segment, address: 1857 - 1883 (0x2d bytes), align: 0
  Segment part 21.
           ENTRY                   ADDRESS         REF BY
           =====                   =======         ======
           RF_ID_Buffer            1857            CompID (flash)
                                                   DeleteAllID (flash)
                                                   DeleteChannel (flash)
                                                   SaveChannel (flash)
                                                   SaveID (flash)
    -------------------------------------------------------------------------
DATA16_N
  Relative segment, address: 1884 - 1884 (0x1 bytes), align: 0
  Segment part 22.
           ENTRY                   ADDRESS         REF BY
           =====                   =======         ======
           Uart_Baud_Rate          1884            LinUartInit (LINUart)
                                                   Uart1DataDisposal (LINUart)
                                                   Uart1StartupTX (LINUart)
                                                   VariableInitialize (Initialize)
    -------------------------------------------------------------------------
DATA16_N
  Relative segment, address: 1885 - 1885 (0x1 bytes), align: 0
  Segment part 23.
           ENTRY                   ADDRESS         REF BY
           =====                   =======         ======
           Uart_ID                 1885            LearnUartID (LINUart)
                                                   Uart1DataDisposal (LINUart)
                                                   Uart1StartupTX (LINUart)
    -------------------------------------------------------------------------
DATA16_N
  Relative segment, address: 1886 - 1886 (0x1 bytes), align: 0
  Segment part 24.
           ENTRY                   ADDRESS         REF BY
           =====                   =======         ======
           Uart_CH_L               1886            LearnUartID (LINUart)
                                                   Uart1DataDisposal (LINUart)
                                                   Uart1StartupTX (LINUart)
    -------------------------------------------------------------------------
DATA16_N
  Relative segment, address: 1887 - 1887 (0x1 bytes), align: 0
  Segment part 25.
           ENTRY                   ADDRESS         REF BY
           =====                   =======         ======
           Uart_CH_H               1887            LearnUartID (LINUart)
                                                   Uart1DataDisposal (LINUart)
                                                   Uart1StartupTX (LINUart)
    -------------------------------------------------------------------------
DATA16_N
  Relative segment, address: 1888 - 1888 (0x1 bytes), align: 0
  Segment part 26.
           ENTRY                   ADDRESS         REF BY
           =====                   =======         ======
           Motor_Max_Speed         1888            Uart1DataDisposal (LINUart)
                                                   Uart1StartupTX (LINUart)
    -------------------------------------------------------------------------
DATA16_N
  Relative segment, address: 1889 - 1889 (0x1 bytes), align: 0
  Segment part 27.
           ENTRY                   ADDRESS         REF BY
           =====                   =======         ======
           Dry_Contact_Control_Mode
                                   1889            KeyControl (KeyManage)
                                                   NoKey (KeyManage)
                                                   Uart1DataDisposal (LINUart)
                                                   Uart1StartupTX (LINUart)
    -------------------------------------------------------------------------
DATA16_N
  Relative segment, address: 183A - 184D (0x14 bytes), align: 1
  Segment part 28.
           ENTRY                   ADDRESS         REF BY
           =====                   =======         ======
           Motor                   183A            Angle_calculation (MotorControl)
                                                   DeleteAllID (flash)
                                                   DownKeyIn (PowerInScan)
                                                   Initialize (Initialize)
                                                   JourneyComper (MotorControl)
                                                   KeyControl (KeyManage)
                                                   KeyManage (KeyManage)
                                                   LearnDelCodeTime (Time)
                                                   MotorControl (MotorControl)
                                                   MotorDown (MotorControl)
                                                   MotorStatusSwitch (MotorControl)
                                                   MotorStop (MotorControl)
                                                   MotorUp (MotorControl)
                                                   Motor_Data_Change_Send (LINUart0)
                                                   NoKey (KeyManage)
                                                   PowerInScan (PowerInScan)
                                                   ProgramKeyIn (PowerInScan)
                                                   RFDataDisposal (SignalSampling)
                                                   Uart1DataDisposal (LINUart)
                                                   Uart1StartupTX (LINUart)
                                                   UartControl (LINUart)
                                                   UpKeyIn (PowerInScan)
                                                   main (main)
    -------------------------------------------------------------------------
DATA16_N
  Relative segment, address: 188A - 188A (0x1 bytes), align: 0
  Segment part 29.
           ENTRY                   ADDRESS         REF BY
           =====                   =======         ======
           Switvh_Direction_Order
                                   188A            KeyManage (KeyManage)
    -------------------------------------------------------------------------
DATA16_N
  Relative segment, address: 188B - 188B (0x1 bytes), align: 0
  Segment part 30.
           ENTRY                   ADDRESS         REF BY
           =====                   =======         ======
           Meet_Plugb_Level        188B            MeetPlugbDetect (MotorControl)
                                                   Uart1DataDisposal (LINUart)
                                                   Uart1StartupTX (LINUart)
    -------------------------------------------------------------------------
DATA16_I
  Relative segment, address: 2014 - 2014 (0x1 bytes), align: 0
  Segment part 31.
           ENTRY                   ADDRESS         REF BY
           =====                   =======         ======
           Time_10ms_Cnt           2014            PowerInScan (PowerInScan)
                                                   TimeControl (Time)
    -------------------------------------------------------------------------
DATA16_I
  Relative segment, address: 2015 - 2015 (0x1 bytes), align: 0
  Segment part 33.
           ENTRY                   ADDRESS         REF BY
           =====                   =======         ======
           Time_50ms_Cnt           2015            RFDataDisposal (SignalSampling)
                                                   TimeControl (Time)
    -------------------------------------------------------------------------
DATA16_I
  Relative segment, address: 2016 - 2016 (0x1 bytes), align: 0
  Segment part 35.
           ENTRY                   ADDRESS         REF BY
           =====                   =======         ======
           Time_100ms_Cnt          2016            TimeControl (Time)
    -------------------------------------------------------------------------
DATA16_I
  Relative segment, address: 2017 - 2017 (0x1 bytes), align: 0
  Segment part 37.
           ENTRY                   ADDRESS         REF BY
           =====                   =======         ======
           Time_500ms_Cnt          2017            TimeControl (Time)
    -------------------------------------------------------------------------
DATA16_I
  Relative segment, address: 2018 - 2018 (0x1 bytes), align: 0
  Segment part 39.
           ENTRY                   ADDRESS         REF BY
           =====                   =======         ======
           Time_1s_Cnt             2018            TimeControl (Time)
    -------------------------------------------------------------------------
DATA16_Z
  Relative segment, address: 2082 - 2082 (0x1 bytes), align: 0
  Segment part 41.
           ENTRY                   ADDRESS         REF BY
           =====                   =======         ======
           RF_High_Cnt             2082            RFSignalDecode (SignalSampling)
                                                   Timer3_B0 (timer)
                                                   main (main)
    -------------------------------------------------------------------------
DATA16_Z
  Relative segment, address: 2083 - 2083 (0x1 bytes), align: 0
  Segment part 42.
           ENTRY                   ADDRESS         REF BY
           =====                   =======         ======
           RF_Low_Cnt              2083            RFSignalDecode (SignalSampling)
                                                   Timer3_B0 (timer)
                                                   main (main)
    -------------------------------------------------------------------------
DATA16_Z
  Relative segment, address: 202A - 202D (0x4 bytes), align: 1
  Segment part 43.
           ENTRY                   ADDRESS         REF BY
           =====                   =======         ======
           Hall_Pulse_Amount_PCT   202A            JourneyComper (MotorControl)
                                                   Uart1DataDisposal (LINUart)
    -------------------------------------------------------------------------
DATA16_Z
  Relative segment, address: 202E - 2031 (0x4 bytes), align: 1
  Segment part 44.
           ENTRY                   ADDRESS         REF BY
           =====                   =======         ======
           OprationCue_Amount_Buf
                                   202E            JourneyComper (MotorControl)
                                                   MotorControl (MotorControl)
    -------------------------------------------------------------------------
DATA16_Z
  Relative segment, address: 2032 - 2035 (0x4 bytes), align: 1
  Segment part 45.
           ENTRY                   ADDRESS         REF BY
           =====                   =======         ======
           Hall_Pulse_Jiggle_Buff
                                   2032            JourneyComper (MotorControl)
                                                   RFDataDisposal (SignalSampling)
    -------------------------------------------------------------------------
DATA16_Z
  Relative segment, address: 2084 - 2089 (0x6 bytes), align: 0
  Segment part 46.
           ENTRY                   ADDRESS         REF BY
           =====                   =======         ======
           Delete_single_Code_ID   2084            RFDataDisposal (SignalSampling)
    -------------------------------------------------------------------------
DATA16_Z
  Relative segment, address: 208A - 208A (0x1 bytes), align: 0
  Segment part 47.
           ENTRY                   ADDRESS         REF BY
           =====                   =======         ======
           Opretion_Event          208A            DeleteAllID (flash)
                                                   KeyManage (KeyManage)
                                                   LearnDelCodeTime (Time)
                                                   MotorControl (MotorControl)
                                                   RFDataDisposal (SignalSampling)
                                                   SetLimitPoint (SignalSampling)
    -------------------------------------------------------------------------
DATA16_Z
  Relative segment, address: 208B - 208B (0x1 bytes), align: 0
  Segment part 48.
           ENTRY                   ADDRESS         REF BY
           =====                   =======         ======
           Target_Limit_Point      208B            JourneyComper (MotorControl)
                                                   MotorStatusSwitch (MotorControl)
                                                   SetLimitPoint (SignalSampling)
    -------------------------------------------------------------------------
DATA16_N
  Relative segment, address: 188C - 188C (0x1 bytes), align: 0
  Segment part 49.
           ENTRY                   ADDRESS         REF BY
           =====                   =======         ======
           Limit_Point_Amount      188C            CountPercentPlace (LINUart)
                                                   Initialize (Initialize)
                                                   JourneyComper (MotorControl)
                                                   JourneyDelete (flash)
                                                   JourneyPercentCount (LINUart)
                                                   KeyManage (KeyManage)
                                                   MotorStatusSwitch (MotorControl)
                                                   RFDataDisposal (SignalSampling)
                                                   SetLimitPoint (SignalSampling)
                                                   Uart1StartupTX (LINUart)
                                                   UartControl (LINUart)
                                                   VariableInitialize (Initialize)
    -------------------------------------------------------------------------
DATA16_Z
  Relative segment, address: 208C - 208C (0x1 bytes), align: 0
  Segment part 50.
           ENTRY                   ADDRESS         REF BY
           =====                   =======         ======
           RF_Dblclick_Time        208C            DblclickTimeLimit (Time)
                                                   RFDataDisposal (SignalSampling)
    -------------------------------------------------------------------------
DATA16_Z
  Relative segment, address: 208D - 208D (0x1 bytes), align: 0
  Segment part 51.
           ENTRY                   ADDRESS         REF BY
           =====                   =======         ======
           Run_To_Mid_Limit_Point
                                   208D            JourneyComper (MotorControl)
                                                   UartControl (LINUart)
    -------------------------------------------------------------------------
DATA16_Z
  Relative segment, address: 208E - 208E (0x1 bytes), align: 0
  Segment part 52.
           ENTRY                   ADDRESS         REF BY
           =====                   =======         ======
           motor_run_time          208E            MotorControl (MotorControl)
                                                   MotorStatusSwitch (MotorControl)
                                                   PowerInScan (PowerInScan)
                                                   main (main)
    -------------------------------------------------------------------------
DATA16_Z
  Relative segment, address: 208F - 208F (0x1 bytes), align: 0
  Segment part 53.
           ENTRY                   ADDRESS         REF BY
           =====                   =======         ======
           motor_off_time          208F            MotorControl (MotorControl)
                                                   MotorStatusSwitch (MotorControl)
    -------------------------------------------------------------------------
DATA16_Z
  Relative segment, address: 2090 - 2090 (0x1 bytes), align: 0
  Segment part 54.
           ENTRY                   ADDRESS         REF BY
           =====                   =======         ======
           Motor_Speed             2090            CountMotorSpeed (MotorControl)
                                                   DetectHallSignal (timer)
                                                   JourneyComper (MotorControl)
                                                   MeetPlugbDetect (MotorControl)
                                                   MotorControl (MotorControl)
                                                   MotorStatusSwitch (MotorControl)
    -------------------------------------------------------------------------
DATA16_Z
  Relative segment, address: 2091 - 2091 (0x1 bytes), align: 0
  Segment part 55.
           ENTRY                   ADDRESS         REF BY
           =====                   =======         ======
           Target_Speed            2091            MotorControl (MotorControl)
                                                   SlowStop (MotorControl)
    -------------------------------------------------------------------------
DATA16_Z
  Relative segment, address: 2036 - 2037 (0x2 bytes), align: 1
  Segment part 56.
           ENTRY                   ADDRESS         REF BY
           =====                   =======         ======
           Motor_Duty              2036            JourneyComper (MotorControl)
                                                   MotorControl (MotorControl)
                                                   MotorStop (MotorControl)
    -------------------------------------------------------------------------
DATA16_Z
  Relative segment, address: 2092 - 2092 (0x1 bytes), align: 0
  Segment part 57.
           ENTRY                   ADDRESS         REF BY
           =====                   =======         ======
           Set_Limit_Point_Cnt     2092            LearnDelCodeTime (Time)
                                                   MotorStatusSwitch (MotorControl)
    -------------------------------------------------------------------------
DATA16_Z
  Relative segment, address: 2093 - 2093 (0x1 bytes), align: 0
  Segment part 59.
           ENTRY                   ADDRESS         REF BY
           =====                   =======         ======
           Delete_single_Code_Cnt
                                   2093            LearnDelCodeTime (Time)
                                                   RFDataDisposal (SignalSampling)
    -------------------------------------------------------------------------
DATA16_Z
  Relative segment, address: 2094 - 2094 (0x1 bytes), align: 0
  Segment part 62.
           ENTRY                   ADDRESS         REF BY
           =====                   =======         ======
           RF_High_Cnt_Buffer      2094            RFSignalDecode (SignalSampling)
                                                   Timer3_B0 (timer)
    -------------------------------------------------------------------------
DATA16_Z
  Relative segment, address: 2095 - 2095 (0x1 bytes), align: 0
  Segment part 63.
           ENTRY                   ADDRESS         REF BY
           =====                   =======         ======
           RF_Low_Cnt_Buffer       2095            RFSignalDecode (SignalSampling)
                                                   Timer3_B0 (timer)
    -------------------------------------------------------------------------
DATA16_Z
  Relative segment, address: 2096 - 2096 (0x1 bytes), align: 0
  Segment part 64.
           ENTRY                   ADDRESS         REF BY
           =====                   =======         ======
           Joint_Action_Motor_Buf
                                   2096            RFDataDisposal (SignalSampling)
    -------------------------------------------------------------------------
DATA16_Z
  Relative segment, address: 2038 - 2039 (0x2 bytes), align: 1
  Segment part 65.
           ENTRY                   ADDRESS         REF BY
           =====                   =======         ======
           Joint_Action_Time_Cnt   2038            MotorStatusSwitch (MotorControl)
                                                   RFDataDisposal (SignalSampling)
    -------------------------------------------------------------------------
DATA16_Z
  Relative segment, address: 203A - 203B (0x2 bytes), align: 1
  Segment part 66.
           ENTRY                   ADDRESS         REF BY
           =====                   =======         ======
           Joint_Level_ADJ_Time    203A            LearnDelCodeTime (Time)
                                                   MotorStatusSwitch (MotorControl)
    -------------------------------------------------------------------------
DATA16_Z
  Relative segment, address: 203C - 203D (0x2 bytes), align: 1
  Segment part 69.
           ENTRY                   ADDRESS         REF BY
           =====                   =======         ======
           Current_Current_mA      203C            ADSamping (ADSampling)
                                                   MeetPlugbDetect (MotorControl)
                                                   MotorControl (MotorControl)
    -------------------------------------------------------------------------
DATA16_Z
  Relative segment, address: 2097 - 2097 (0x1 bytes), align: 0
  Segment part 70.
           ENTRY                   ADDRESS         REF BY
           =====                   =======         ======
           flag_tx                 2097            KeyManage (KeyManage)
                                                   Motor_Data_Change_Send (LINUart0)
                                                   RFDataDisposal (SignalSampling)
    -------------------------------------------------------------------------
DATA16_Z
  Relative segment, address: 2098 - 2098 (0x1 bytes), align: 0
  Segment part 71.
           ENTRY                   ADDRESS         REF BY
           =====                   =======         ======
           flag_rx                 2098            TimeControl (Time)
    -------------------------------------------------------------------------
DATA16_Z
  Relative segment, address: 2099 - 2099 (0x1 bytes), align: 0
  Segment part 72.
           ENTRY                   ADDRESS         REF BY
           =====                   =======         ======
           rx_tc                   2099            TimeControl (Time)
                                                   USCI_A0_ISR (LINUart0)
    -------------------------------------------------------------------------
DATA16_Z
  Relative segment, address: 209A - 209A (0x1 bytes), align: 0
  Segment part 74.
           ENTRY                   ADDRESS         REF BY
           =====                   =======         ======
           tx_c                    209A            KeyManage (KeyManage)
                                                   Motor_Data_Change_Send (LINUart0)
                                                   RFDataDisposal (SignalSampling)
    -------------------------------------------------------------------------
DATA16_Z
  Relative segment, address: 209B - 209B (0x1 bytes), align: 0
  Segment part 79.
           ENTRY                   ADDRESS         REF BY
           =====                   =======         ======
           Motor_Status_bak        209B            Uart1DataDisposal (LINUart)
                                                   UartControl (LINUart)
                                                   main (main)
    -------------------------------------------------------------------------
DATA16_Z
  Relative segment, address: 209C - 209C (0x1 bytes), align: 0
  Segment part 81.
           ENTRY                   ADDRESS         REF BY
           =====                   =======         ======
           tx_ok_tc                209C            USCI_A0_ISR (LINUart0)
    -------------------------------------------------------------------------
DATA16_Z
  Relative segment, address: 209D - 209D (0x1 bytes), align: 0
  Segment part 83.
           ENTRY                   ADDRESS         REF BY
           =====                   =======         ======
           tx_data                 209D            KeyManage (KeyManage)
                                                   Motor_Data_Change_Send (LINUart0)
                                                   RFDataDisposal (SignalSampling)
    -------------------------------------------------------------------------
DATA16_Z
  Relative segment, address: 209E - 209E (0x1 bytes), align: 0
  Segment part 89.
           ENTRY                   ADDRESS         REF BY
           =====                   =======         ======
           Motor_Status_Buffer_1   209E            Angle_calculation (MotorControl)
    -------------------------------------------------------------------------
DATA16_Z
  Relative segment, address: 203E - 2041 (0x4 bytes), align: 1
  Segment part 90.
           ENTRY                   ADDRESS         REF BY
           =====                   =======         ======
           Click_the_Angle_of_hall
                                   203E            JourneyComper (MotorControl)
    -------------------------------------------------------------------------
DATA16_Z
  Relative segment, address: 209F - 209F (0x1 bytes), align: 0
  Segment part 91.
           ENTRY                   ADDRESS         REF BY
           =====                   =======         ======
           SendTX_interval_Time    209F            RFDataDisposal (SignalSampling)
                                                   main (main)
    -------------------------------------------------------------------------
DATA16_Z
  Relative segment, address: 20A0 - 20A0 (0x1 bytes), align: 0
  Segment part 92.
           ENTRY                   ADDRESS         REF BY
           =====                   =======         ======
           Time_Power_On           20A0            Initialize (Initialize)
                                                   LearnDelCodeTime (Time)
    -------------------------------------------------------------------------
DATA16_Z
  Relative segment, address: 20A1 - 20A1 (0x1 bytes), align: 0
  Segment part 93.
           ENTRY                   ADDRESS         REF BY
           =====                   =======         ======
           learn_key_cnt           20A1            Initialize (Initialize)
                                                   LearnDelCodeTime (Time)
    -------------------------------------------------------------------------
DATA16_Z
  Relative segment, address: 20A2 - 20A2 (0x1 bytes), align: 0
  Segment part 96.
           ENTRY                   ADDRESS         REF BY
           =====                   =======         ======
           TEXT_1                  20A2            JourneyComper (MotorControl)
    -------------------------------------------------------------------------
DATA16_Z
  Relative segment, address: 20A3 - 20A3 (0x1 bytes), align: 0
  Segment part 97.
           ENTRY                   ADDRESS         REF BY
           =====                   =======         ======
           TEXT_2                  20A3            JourneyComper (MotorControl)
    -------------------------------------------------------------------------
DATA16_ID
  Relative segment, address: 803C - 803C (0x1 bytes), align: 0
  Segment part 32.            Intra module refs:   Time_10ms_Cnt
    -------------------------------------------------------------------------
DATA16_ID
  Relative segment, address: 803D - 803D (0x1 bytes), align: 0
  Segment part 34.            Intra module refs:   Time_50ms_Cnt
    -------------------------------------------------------------------------
DATA16_ID
  Relative segment, address: 803E - 803E (0x1 bytes), align: 0
  Segment part 36.            Intra module refs:   Time_100ms_Cnt
    -------------------------------------------------------------------------
DATA16_ID
  Relative segment, address: 803F - 803F (0x1 bytes), align: 0
  Segment part 38.            Intra module refs:   Time_500ms_Cnt
    -------------------------------------------------------------------------
DATA16_ID
  Relative segment, address: 8040 - 8040 (0x1 bytes), align: 0
  Segment part 40.            Intra module refs:   Time_1s_Cnt

    *************************************************************************

  FILE NAME : C:\Users\133\Desktop\KZ-AM35-MEL-P-02-V1-AM35-6-20-MEL-P-220430F-MSP430FR2155_¡¾Ô´Âëµµ¡¿\program\Debug\Obj\Initialize.r43
  PROGRAM MODULE, NAME : Initialize

  SEGMENTS IN THE MODULE
  ======================
DATA16_AN
  Relative segment, address: 0180 - 0181 (0x2 bytes), align: 0
  Segment part 1. ROOT        Intra module refs:   CLKSetting
           ENTRY                   ADDRESS         REF BY
           =====                   =======         ======
           _A_CSCTL0_L             0180 
           LOCAL                   ADDRESS         
           =====                   =======         
           CSCTL0                  0180 
           CSCTL0_H                0181 
           CSCTL0_L                0180 
    -------------------------------------------------------------------------
DATA16_AN
  Relative segment, address: 0182 - 0183 (0x2 bytes), align: 0
  Segment part 2. ROOT        Intra module refs:   CLKSetting
           ENTRY                   ADDRESS         REF BY
           =====                   =======         ======
           _A_CSCTL1_L             0182 
           LOCAL                   ADDRESS         
           =====                   =======         
           CSCTL1                  0182 
           CSCTL1_H                0183 
           CSCTL1_L                0182 
    -------------------------------------------------------------------------
DATA16_AN
  Relative segment, address: 0184 - 0185 (0x2 bytes), align: 0
  Segment part 3. ROOT        Intra module refs:   CLKSetting
           ENTRY                   ADDRESS         REF BY
           =====                   =======         ======
           _A_CSCTL2_L             0184 
           LOCAL                   ADDRESS         
           =====                   =======         
           CSCTL2                  0184 
           CSCTL2_H                0185 
           CSCTL2_L                0184 
    -------------------------------------------------------------------------
DATA16_AN
  Relative segment, address: 0186 - 0187 (0x2 bytes), align: 0
  Segment part 4. ROOT        Intra module refs:   CLKSetting
           ENTRY                   ADDRESS         REF BY
           =====                   =======         ======
           _A_CSCTL3_L             0186 
           LOCAL                   ADDRESS         
           =====                   =======         
           CSCTL3                  0186 
           CSCTL3_H                0187 
           CSCTL3_L                0186 
    -------------------------------------------------------------------------
DATA16_AN
  Relative segment, address: 0188 - 0189 (0x2 bytes), align: 0
  Segment part 5. ROOT        Intra module refs:   CLKSetting
           ENTRY                   ADDRESS         REF BY
           =====                   =======         ======
           _A_CSCTL4_L             0188 
           LOCAL                   ADDRESS         
           =====                   =======         
           CSCTL4                  0188 
           CSCTL4_H                0189 
           CSCTL4_L                0188 
    -------------------------------------------------------------------------
DATA16_AN
  Relative segment, address: 018A - 018B (0x2 bytes), align: 0
  Segment part 6. ROOT        Intra module refs:   CLKSetting
           ENTRY                   ADDRESS         REF BY
           =====                   =======         ======
           _A_CSCTL5_L             018A 
           LOCAL                   ADDRESS         
           =====                   =======         
           CSCTL5                  018A 
           CSCTL5_H                018B 
           CSCTL5_L                018A 
    -------------------------------------------------------------------------
DATA16_AN
  Relative segment, address: 018E - 018F (0x2 bytes), align: 0
  Segment part 7. ROOT        Intra module refs:   CLKSetting
           ENTRY                   ADDRESS         REF BY
           =====                   =======         ======
           _A_CSCTL7_L             018E 
           LOCAL                   ADDRESS         
           =====                   =======         
           CSCTL7                  018E 
           CSCTL7_H                018F 
           CSCTL7_L                018E 
    -------------------------------------------------------------------------
DATA16_AN
  Relative segment, address: 0202 - 0203 (0x2 bytes), align: 0
  Segment part 8. ROOT        Intra module refs:   GPIOSetting
                                                   main (main)
           ENTRY                   ADDRESS         REF BY
           =====                   =======         ======
           _A_PAOUT_L              0202 
           LOCAL                   ADDRESS         
           =====                   =======         
           PAOUT                   0202 
           PAOUT_H                 0203 
           PAOUT_L                 0202 
    -------------------------------------------------------------------------
DATA16_AN
  Relative segment, address: 0204 - 0205 (0x2 bytes), align: 0
  Segment part 9. ROOT        Intra module refs:   GPIOSetting
           ENTRY                   ADDRESS         REF BY
           =====                   =======         ======
           _A_PADIR_L              0204 
           LOCAL                   ADDRESS         
           =====                   =======         
           PADIR                   0204 
           PADIR_H                 0205 
           PADIR_L                 0204 
    -------------------------------------------------------------------------
DATA16_AN
  Relative segment, address: 0222 - 0223 (0x2 bytes), align: 0
  Segment part 12. ROOT       Intra module refs:   GPIOSetting
                                                   Initialize
                                                   JourneyComper (MotorControl)
                                                   LinUartInit (LINUart)
                                                   MotorControl (MotorControl)
                                                   MotorDown (MotorControl)
                                                   MotorStop (MotorControl)
                                                   MotorUp (MotorControl)
                                                   Uart1StartupTX (LINUart)
                                                   Uart1_Status_Inspect (LINUart)
           ENTRY                   ADDRESS         REF BY
           =====                   =======         ======
           _A_PBOUT_L              0222 
           LOCAL                   ADDRESS         
           =====                   =======         
           PBOUT                   0222 
           PBOUT_H                 0223 
           PBOUT_L                 0222 
    -------------------------------------------------------------------------
DATA16_AN
  Relative segment, address: 0224 - 0225 (0x2 bytes), align: 0
  Segment part 13. ROOT       Intra module refs:   GPIOSetting
           ENTRY                   ADDRESS         REF BY
           =====                   =======         ======
           _A_PBDIR_L              0224 
           LOCAL                   ADDRESS         
           =====                   =======         
           PBDIR                   0224 
           PBDIR_H                 0225 
           PBDIR_L                 0224 
    -------------------------------------------------------------------------
DATA16_AN
  Relative segment, address: 0226 - 0227 (0x2 bytes), align: 0
  Segment part 14. ROOT       Intra module refs:   GPIOSetting
           ENTRY                   ADDRESS         REF BY
           =====                   =======         ======
           _A_PBREN_L              0226 
           LOCAL                   ADDRESS         
           =====                   =======         
           PBREN                   0226 
           PBREN_H                 0227 
           PBREN_L                 0226 
    -------------------------------------------------------------------------
DATA16_AN
  Relative segment, address: 022A - 022B (0x2 bytes), align: 0
  Segment part 15. ROOT       Intra module refs:   GPIOSetting
                                                   LinUartInit (LINUart)
           ENTRY                   ADDRESS         REF BY
           =====                   =======         ======
           _A_PBSEL0_L             022A 
           LOCAL                   ADDRESS         
           =====                   =======         
           PBSEL0                  022A 
           PBSEL0_H                022B 
           PBSEL0_L                022A 
    -------------------------------------------------------------------------
DATA16_AN
  Relative segment, address: 022C - 022D (0x2 bytes), align: 0
  Segment part 16. ROOT       Intra module refs:   GPIOSetting
           ENTRY                   ADDRESS         REF BY
           =====                   =======         ======
           _A_PBSEL1_L             022C 
           LOCAL                   ADDRESS         
           =====                   =======         
           PBSEL1                  022C 
           PBSEL1_H                022D 
           PBSEL1_L                022C 
    -------------------------------------------------------------------------
DATA16_AN
  Relative segment, address: 0242 - 0243 (0x2 bytes), align: 0
  Segment part 17. ROOT       Intra module refs:   GPIOSetting
                                                   MotorDown (MotorControl)
                                                   MotorUp (MotorControl)
           ENTRY                   ADDRESS         REF BY
           =====                   =======         ======
           _A_PCOUT_L              0242 
           LOCAL                   ADDRESS         
           =====                   =======         
           PCOUT                   0242 
           PCOUT_H                 0243 
           PCOUT_L                 0242 
    -------------------------------------------------------------------------
DATA16_AN
  Relative segment, address: 0244 - 0245 (0x2 bytes), align: 0
  Segment part 18. ROOT       Intra module refs:   GPIOSetting
           ENTRY                   ADDRESS         REF BY
           =====                   =======         ======
           _A_PCDIR_L              0244 
           LOCAL                   ADDRESS         
           =====                   =======         
           PCDIR                   0244 
           PCDIR_H                 0245 
           PCDIR_L                 0244 
    -------------------------------------------------------------------------
DATA16_AN
  Relative segment, address: 024A - 024B (0x2 bytes), align: 0
  Segment part 19. ROOT       Intra module refs:   GPIOSetting
                                                   MotorDown (MotorControl)
                                                   MotorUp (MotorControl)
           ENTRY                   ADDRESS         REF BY
           =====                   =======         ======
           _A_PCSEL0_L             024A 
           LOCAL                   ADDRESS         
           =====                   =======         
           PCSEL0                  024A 
           PCSEL0_H                024B 
           PCSEL0_L                024A 
    -------------------------------------------------------------------------
DATA16_AN
  Relative segment, address: 024C - 024D (0x2 bytes), align: 0
[...]
                                                   Direction_Key_Cnt (KeyManage)
                                                   Flag (GlobalVariable)
                                                   Flag_RF (GlobalVariable)
                                                   Hall_Pulse_Amount_Buff (MotorControl)
                                                   Hall_Pulse_Amount_PCT (GlobalVariable)
                                                   Hall_Pulse_Jiggle_Buff (GlobalVariable)
                                                   Inquire_Function_Flag (LINUart)
                                                   Joint_Action_Motor_Buf (GlobalVariable)
                                                   Joint_Action_Time_Cnt (GlobalVariable)
                                                   Joint_Level_ADJ_Time (GlobalVariable)
                                                   JourneyDelete::LIMIT_i (flash)
                                                   KeyFlag (KeyManage)
                                                   Key_Old_Value (KeyManage)
                                                   Key_Status_Cnt (KeyManage)
                                                   LearnDelCodeTime::Learn_Time_Cnt (Time)
                                                   Learn_Key_Cnt (KeyManage)
                                                   Meet_Plugb_Cnt (MotorControl)
                                                   Meet_Plugb_Cnt1 (MotorControl)
                                                   Meet_Plugb_Cnt2 (MotorControl)
                                                   Meet_Plugb_Cnt3 (MotorControl)
                                                   Meet_Plugb_Level_Buff (LINUart)
                                                   MotorControl::Time_Limit_Cnt (MotorControl)
                                                   MotorControl{1}{44}::Jiggle_Direction (MotorControl)
                                                   Motor_Data_Bak (GlobalVariable)
                                                   Motor_Duty (GlobalVariable)
                                                   Motor_Speed (GlobalVariable)
                                                   Motor_Speed_Buff (MotorControl)
                                                   Motor_Status_Buffer_1 (GlobalVariable)
                                                   Motor_Status_bak (GlobalVariable)
                                                   No_Power_In_Cnt (PowerInScan)
                                                   OprationCue_Amount_Buf (GlobalVariable)
                                                   Opretion_Event (GlobalVariable)
                                                   PowerInScan::Power_Detect_Cnt (PowerInScan)
                                                   Power_Down_In_Cnt (PowerInScan)
                                                   Power_In_Cnt (PowerInScan)
                                                   Power_In_Syc_Cnt (PowerInScan)
                                                   Power_UpDown_In_Cnt (PowerInScan)
                                                   Power_Up_In_Cnt (PowerInScan)
                                                   RF_Bit_cnt (SignalSampling)
                                                   RF_Byte_Cnt (SignalSampling)
                                                   RF_Dblclick_Time (GlobalVariable)
                                                   RF_High_Cnt (GlobalVariable)
                                                   RF_High_Cnt_Buffer (GlobalVariable)
                                                   RF_KeyUnloosen_Cnt (SignalSampling)
                                                   RF_Low_Cnt (GlobalVariable)
                                                   RF_Low_Cnt_Buffer (GlobalVariable)
                                                   RF_NO_Rx_Cnt (SignalSampling)
                                                   RF_RxData (SignalSampling)
                                                   RF_RxData_Buf (SignalSampling)
                                                   RF_Signal_Sample1 (timer)
                                                   Run_To_Mid_Limit_Point (GlobalVariable)
                                                   Rx_Data_P (SignalSampling)
                                                   SendTX_interval_Time (GlobalVariable)
                                                   Set_Limit_Point_Cnt (GlobalVariable)
                                                   TEXT_1 (GlobalVariable)
                                                   TEXT_2 (GlobalVariable)
                                                   Target_Limit_Point (GlobalVariable)
                                                   Target_Speed (GlobalVariable)
                                                   Time_200uS_Cnt (timer)
                                                   Time_Power_On (GlobalVariable)
                                                   Uart1_Byte_Cnt (LINUart)
                                                   Uart1_NO_Rx_Cnt (LINUart)
                                                   Uart1_NO_Tx_Cnt (LINUart)
                                                   Uart1_RX_Array (LINUart)
                                                   Uart1_TX_Array (LINUart)
                                                   Uart1_TX_Byte_Cnt (LINUart)
                                                   Uart_buf_rx (LINUart0)
                                                   Uart_buf_tx (LINUart0)
                                                   flag_rx (GlobalVariable)
                                                   flag_tx (GlobalVariable)
                                                   learn_key_cnt (GlobalVariable)
                                                   motor_off_time (GlobalVariable)
                                                   motor_run_time (GlobalVariable)
                                                   rx_i (LINUart0)
                                                   rx_tc (GlobalVariable)
                                                   speed_control_cnt (MotorControl)
                                                   tx_c (GlobalVariable)
                                                   tx_data (GlobalVariable)
                                                   tx_i (LINUart0)
                                                   tx_len (LINUart0)
                                                   tx_ok_tc (GlobalVariable)
    -------------------------------------------------------------------------
CSTART
  Relative segment, address: 8058 - 8067 (0x10 bytes), align: 1
  Segment part 21.
           ENTRY                   ADDRESS         REF BY
           =====                   =======         ======
           ?cstart_init_copy       8058            Direction_Key_OFF_Cnt (KeyManage)
                                                   Direction_Key_ON_Cnt (KeyManage)
                                                   Key_ON_Cnt (KeyManage)
                                                   Learn_Key_OFF_Cnt (KeyManage)
                                                   Learn_Key_ON_Cnt (KeyManage)
                                                   Motor_RunTime_Cnt (MotorControl)
                                                   Power_Array (PowerInScan)
                                                   Time2_Int_Cnt (timer)
                                                   Time_100ms_Cnt (GlobalVariable)
                                                   Time_10ms_Cnt (GlobalVariable)
                                                   Time_1s_Cnt (GlobalVariable)
                                                   Time_500ms_Cnt (GlobalVariable)
                                                   Time_50ms_Cnt (GlobalVariable)
    -------------------------------------------------------------------------
CSTART
  Relative segment, address: 8068 - 806F (0x8 bytes), align: 1
  Segment part 27.            Intra module refs:   Segment part 15
           ENTRY                   ADDRESS         REF BY
           =====                   =======         ======
           ?cstart_call_main       8068 
           ?cstart_end             8070 
    -------------------------------------------------------------------------
CODE_ID
  Relative segment, address: 8266, align: 1
  Segment part 28.            Intra module refs:   Segment part 5

    -------------------------------------------------------------------------
  LIBRARY MODULE, NAME : ?reset_vector

  SEGMENTS IN THE MODULE
  ======================
RESET
  Relative segment, address: FFFE - FFFF (0x2 bytes), align: 1
  Segment part 0.
           ENTRY                   ADDRESS         REF BY
           =====                   =======         ======
           ?reset_vector           FFFE            Segment part 15 (?cstart)

    -------------------------------------------------------------------------
  LIBRARY MODULE, NAME : ?exit

  SEGMENTS IN THE MODULE
  ======================
<CODE> 1 (was CODE)
  Relative segment, address: B550 - B553 (0x4 bytes), align: 1
  Segment part 2.
           ENTRY                   ADDRESS         REF BY
           =====                   =======         ======
           exit                    B550            Segment part 27 (?cstart)
               calls direct

    -------------------------------------------------------------------------
  LIBRARY MODULE, NAME : ?DivMod816u

  SEGMENTS IN THE MODULE
  ======================
<CODE> 1 (was CODE)
  Relative segment, address: B48A - B4A1 (0x18 bytes), align: 1
  Segment part 1.
           ENTRY                   ADDRESS         REF BY
           =====                   =======         ======
           ?DivMod16u              B48A            ?DivMod16s (?DivMod816s)
                                                   CountMotorSpeed (MotorControl)
                                                   LinUartInit (LINUart)
                                                   SampleAverage (ADSampling)
                                                   SlowStop (MotorControl)

    -------------------------------------------------------------------------
  LIBRARY MODULE, NAME : ?DivMod816s

  SEGMENTS IN THE MODULE
  ======================
<CODE> 1 (was CODE)
  Relative segment, address: B2E8 - B317 (0x30 bytes), align: 1
  Segment part 1.
           ENTRY                   ADDRESS         REF BY
           =====                   =======         ======
           ?DivMod16s              B2E8            JourneyComper (MotorControl)

    -------------------------------------------------------------------------
  LIBRARY MODULE, NAME : ?DivMod32u

  SEGMENTS IN THE MODULE
  ======================
<CODE> 1 (was CODE)
  Relative segment, address: B2B8 - B2E7 (0x30 bytes), align: 1
  Segment part 0.
           ENTRY                   ADDRESS         REF BY
           =====                   =======         ======
           ?DivMod32u              B2B8            Angle_calculation (MotorControl)
                                                   CountPercentPlace (LINUart)
                                                   JourneyPercentCount (LINUart)

    -------------------------------------------------------------------------
  LIBRARY MODULE, NAME : ?memcpy

  SEGMENTS IN THE MODULE
  ======================
<CODE> 1 (was CODE)
  Relative segment, address: B4CE - B4DF (0x12 bytes), align: 1
  Segment part 2.
           ENTRY                   ADDRESS         REF BY
           =====                   =======         ======
           memcpy                  B4CE            __data16_memcpy (?memzero)

    -------------------------------------------------------------------------
  LIBRARY MODULE, NAME : ?memzero

  SEGMENTS IN THE MODULE
  ======================
<CODE> 1 (was CODE)
  Relative segment, address: B4F2 - B501 (0x10 bytes), align: 1
  Segment part 2.
           ENTRY                   ADDRESS         REF BY
           =====                   =======         ======
           __data16_memzero        B4F2            ?cstart_init_zero (?cstart)
    -------------------------------------------------------------------------
<CODE> 1 (was CODE)
  Relative segment, address: B544 - B547 (0x4 bytes), align: 1
  Segment part 3.
           ENTRY                   ADDRESS         REF BY
           =====                   =======         ======
           __data16_memcpy         B544            ?cstart_init_copy (?cstart)
               calls direct

    -------------------------------------------------------------------------
  LIBRARY MODULE, NAME : ?IndCallR15

  SEGMENTS IN THE MODULE
  ======================
<CODE> 1 (was CODE)
  Relative segment, address: B548 - B54B (0x4 bytes), align: 1
  Segment part 0.
           ENTRY                   ADDRESS         REF BY
           =====                   =======         ======
           ?IndCallR15             B548            KeyManage (KeyManage)

    -------------------------------------------------------------------------
  LIBRARY MODULE, NAME : ?__exit

  SEGMENTS IN THE MODULE
  ======================
<CODE> 1 (was CODE)
  Relative segment, address: B54C - B54F (0x4 bytes), align: 1
  Segment part 2.
           ENTRY                   ADDRESS         REF BY
           =====                   =======         ======
           __exit                  B54C            Segment part 6 (?_exit)
                                                   _exit (?_exit)



                ****************************************
                *                                      *
                *             STACK USAGE              *
                *                                      *
                ****************************************

  Call Graph Root Category  Max Use  Total Use
  ------------------------  -------  ---------
  interrupt                     14         34
  Program entry                 40         40
  Uncalled function              4          8


Program entry
  "__program_start": 0x00008048

  Maximum call chain                            *?* 40  bytes
    (** call graph contains indirect calls (example: "KeyManage") **)

    "__program_start"                                0
    "main"                                           4
    "Uart1DataDisposal"                             10
    "CountPercentPlace"                             16
    "?DivMod32u"                                    10

interrupt
  "USCI_A1_ISR": 0x00008070

  Maximum call chain                                8  bytes

    "USCI_A1_ISR"                                   8

interrupt
  "USCI_A0_ISR": 0x00008102

  Maximum call chain                                8  bytes

    "USCI_A0_ISR"                                   8

interrupt
  "Timer3_B1": 0x000081be

  Maximum call chain                                4  bytes

    "Timer3_B1"                                     4

interrupt
  "Timer3_B0": 0x000081d2

  Maximum call chain                               14  bytes

    "Timer3_B0"                                    10
    "DetectHallSignal"                              4

Uncalled function
  "KeyControl": 0x0000b066

  Maximum call chain                                4  bytes

    "KeyControl"                                    4

Uncalled function
  "NoKey": 0x0000b434

  Maximum call chain                                4  bytes

    "NoKey"                                         4

The following functions perform unknown indirect calls:

  "KeyManage": 0x00009926




                ****************************************
                *                                      *
                *      SEGMENTS IN ADDRESS ORDER       *
                *                                      *
                ****************************************


SEGMENT              SPACE    START ADDRESS   END ADDRESS     SIZE  TYPE  ALIGN
=======              =====    =============   ===========     ====  ====  =====
DATA16_AN                              0120 - 0121               2   rel    0
                                       0124 - 0125               2 
                                       0130 - 0131               2 
                                       0160 - 0161               2 
                                       0180 - 018B               C 
                                       018E - 018F               2 
                                       01CC - 01CD               2 
                                       0202 - 0205               4 
                                       020A - 020D               4 
                                       0220 - 0227               8 
                                       022A - 022D               4 
                                       0242 - 0245               4 
                                       024A - 024D               4 
                                       0400 - 0407               8 
                                       0412 - 0415               4 
                                       0440 - 0445               6 
                                       0452 - 0455               4 
                                       046E - 046F               2 
                                       0500 - 0501               2 
                                       0506 - 0507               2 
                                       050C - 050F               4 
                                       051A - 051F               6 
                                       0580 - 0581               2 
                                       0586 - 0587               2 
                                       058C - 058F               4 
                                       059A - 059F               6 
                                       0700 - 0705               6 
                                       070A - 070B               2 
                                       0712 - 0713               2 
DATA16_N                               1800 - 188C              8D   rel    1
DATA16_I                               2000 - 201E              1F   rel    1
DATA16_Z                               2020 - 216B             14C   rel    1
DATA20_N                                  216C                       rel    1
DATA20_Z                                  216C                       rel    1
CODE_I                                    216C                       rel    1
DATA20_I                                  216C                       rel    1
CSTACK                                 2F60 - 2FFF              A0   rel    1
DATA16_C                               8000 - 8027              28   rel    1
DATA16_ID                              8028 - 8046              1F   rel    1
DATA20_C                                  8048                       rel    1
DATA20_ID                                 8048                       rel    1
CSTART                                 8048 - 806F              28   rel    1
ISR_CODE                               8070 - 8265             1F6   rel    1
CODE_ID                                   8266                       rel    1
<CODE> 1                               8266 - B553            32EE   rel    1
INTVEC                                 FFA2 - FFED              4C   com    1
RESET                                  FFFE - FFFF               2   rel    1

                ****************************************
                *                                      *
                *        END OF CROSS REFERENCE        *
                *                                      *
                ****************************************

 13 658 bytes of CODE  memory
    664 bytes of DATA  memory (+ 114 absolute )
     71 bytes of CONST memory

Errors: none
Warnings: 1

